// Jest Snapshot v1, https://goo.gl/fbAQLP

exports[`MovieResultEmpty component should be render correctly 1`] = `ShallowWrapper {}`;
